{
  "version": "1.2.3",
  "useWorkspaces": true,
  "packages": ["lib", "docs"],
  "npmClient": "yarn"
}
