[build]
  command = "yarn run build:prod"
  publish = "docs/dist/"
