{
  "private": true,
  "name": "reddinx-docs",
  "version": "1.2.3",
  "dependencies": {
    "norska": "1.42",
    "norska-theme-docs": "1.42"
  },
  "files": [],
  "scripts": {
    "build": "../scripts/docs/build",
    "build:prod": "../scripts/docs/build-prod",
    "cms": "../scripts/docs/cms",
    "lint": "../scripts/docs/lint",
    "lint:fix": "../scripts/docs/lint-fix",
    "release": "../scripts/release",
    "serve": "../scripts/docs/serve",
    "test": "../scripts/lib/test",
    "test:watch": "../scripts/lib/test-watch"
  }
}
