{
  "title": "reddinx",
  "description": "Index any subreddit",
  "productionUrl": "https://projects.pixelastic.com/reddinx/",
  "twitter": "pixelastic"
}
