{
  "name": "reddinx",
  "description": "Index any subreddit",
  "version": "1.2.3",
  "repository": "pixelastic/reddinx",
  "homepage": "https://projects.pixelastic.com/reddinx/",
  "author": "Tim Carry (@pixelastic)",
  "license": "MIT",
  "main": "main.js",
  "files": ["helper.js", "bin/reddinx"],
  "bin": {
    "reddinx": "bin/reddinx"
  },
  "devDependencies": {
    "get-port": "2.4.5"
  },
  "scripts": {
    "build": "../scripts/docs/build",
    "build:prod": "../scripts/docs/build-prod",
    "lint": "../scripts/lib/lint",
    "lint:fix": "../scripts/lib/lint-fix",
    "release": "../scripts/release",
    "serve": "../scripts/docs/serve",
    "test": "../scripts/lib/test",
    "test:watch": "../scripts/lib/test-watch"
  }
}
